================================================================================================================
EDGELAB v2 · MARGIN OVERLAY · rule month_end_overlay on SPY · SPY-1d.csv
================================================================================================================
INTEGRITY (G0)   PASS
   ok   barqc                          verdict pass
   ok   leak check                     10774 decisions re-run on truncated bars, 0 difference(s)
   ok   information sets               every decision saw exactly the bars closed before its session (open auction: through close[t-1]; close auction: the same plus open[t])
   ok   calendar                       scheduled NYSE rules only (barqc.nyse_holidays); no bar date enters a rule's calendar facts (by construction; tested)
   ok   dividend basis declared        adjusted=True, total-return through 2025-03-21
   ok   self-check 1: cash/spread      d's annual mean moves at most 3.07 bp/yr across 6 cells; the printed calendar-day residuals reach 3.84 bp/yr; worst excess -1.367 bp/yr (limit +0.1)
   ok   self-check 2: tracking error   TE(d) 8.9925% vs sqrt(p(1-p)) sigma 8.9637% (p 0.3334, sigma 19.01%): ratio 1.0032
   ok   self-check 3: G5' z            z used 3.757 (boot 3.758, analytic 3.757) vs mean sqrt(years)/TE 3.745: ratio 1.0032
   ok   self-check 7: placebo identity each design's identity arrangement through the placebo evaluator reproduces the rule's CAGR, half CAGRs and drop-crisis CAGR: largest difference 0.0e+00 over 6 cells
   ok   self-check 4: paired SE        corr 0.943; paired SE of dSR 0.0726 vs sqrt(2(1-corr)) x single 0.0733 (ratio 0.990); the single-Sharpe SE would be 0.2163
   ok   frozen invocation              prereg-2026-10-09/invocation-synthetic.sh sha256 4201e77ae60ed47acdb99d32ff5287c6117ea3b4a2e19811f8bf6585b7416c97; the command line is that invocation, token for token
   ok   frozen pre-registration        --prereg sha256 85dede81d000967b474ed22b2dea94312887fc9ee9241f1cd3030db8b943fa1f
   ok   frozen window facts            S1 2005-03-24 close -> 2026-08-25: 5387 sessions, 257 cycles, 1796 at 2x, halves cut after session 2694 (2015-12-07); replication 1485 sessions, 71 cycles
   ok   file sha256                    SPY-1d.csv 9eb98ae370da141a4b0850615e19d2ee5caf6d3ce8111a0793c508ab2c10c73d
   ok   window list                    257 windows reproduced exactly (windows-S1-SPY.csv sha256 56de9701556046a8da0cea9b02e67c3e8c4d98a2874d01e37c3de983bb80a3e4)
   ok   add-backs as frozen            applied 2025-06-20, 2025-09-19, 2025-12-19, 2026-03-20, 2026-06-18
   ok   total-return benchmark         total-return through 2025-03-21; 5 later payout(s) added back
   ok   distributions added back       5 applied (2025-06-20 1.7611, 2025-09-19 1.8311, 2025-12-19 1.9934, 2026-03-20 1.797, 2026-06-18 1.90352); 1 already in the prices, 1 outside the window; prereg-2026-10-09/spy-distributions-2025-2026.csv sha256 780a360f01fa86b49ddd53d470951fdb228ae7a013e6adf8f34ea980bcf8ac5e
   ok   pre-registration               PREREG-2026-10-09-month-end.md sha256 85dede81d000967b474ed22b2dea94312887fc9ee9241f1cd3030db8b943fa1f
INTEGRITY (G0, replication file QQQ-1d-long.csv)   PASS
   ok   barqc                          verdict pass
   ok   leak check                     2970 decisions re-run on truncated bars, 0 difference(s)
   ok   information sets               every decision saw exactly the bars closed before its session (open auction: through close[t-1]; close auction: the same plus open[t])
   ok   calendar                       scheduled NYSE rules only (barqc.nyse_holidays); no bar date enters a rule's calendar facts (by construction; tested)
   ok   dividend basis declared        adjusted=True, total-return through 2025-03-24
   ok   file sha256                    QQQ-1d-long.csv 168b319280567b2e1b06861c1464900a1c400105214252192163006559f9273c
   ok   window list                    71 windows reproduced exactly (windows-G7-QQQ.csv sha256 9babdf5053a7c5f41753a600d65f603329b376aff5f44fef970a458fd8029c59)
   ok   total-return benchmark         total-return through 2025-03-24, after the last scored session
COST CONVENTION  2 bp PER SIDE on traded notional (primary) — a round trip costs 4 bp. replay.py charges per fill (= per side, the same as here); nulltest.py charges ONCE per round trip (half this for the same number). Convert before comparing.
CASH, FINANCING  1.50%/yr constant; borrowed money pays cash + 1.50%/yr; idle cash and borrowed money accrued by calendar days, (1+y)^(D/365) - 1 on each overnight leg (D = days since the previous close; the round-1 end-of-day convention)
INSTRUMENT       exposure e on the underlying itself; the borrowed (e-1)+ pays cash + spread and idle (1-e)+ earns cash, both on the overnight leg. A model of a frictionless margin loan: no maintenance calls, no whole-share rounding, no expense ratio
PRICES           closes only: each session is one close-to-close step and no open is read; a payout added back makes the ex-date's return (close + D) / close[t-1] - 1
DRIFT            shares are held between declared changes, as a margin account behaves: an auction trades only when the declared exposure changes, and the exposure drifts with the price in between. Bar (A) holds shares the same way and is reset to its target at every auction where the rule trades, so both books trade on the same days
DIVIDENDS        total-return THROUGH 2025-03-21 (each ex-date's dividend added back on that day's OVERNIGHT leg), price-only AFTER it: a later ex-date's drop lands in an overnight leg with no dividend credited, and a book holding more exposure that night is charged more of it (r1-quartermaster §5; r2-bench §1a); in this closes-only run each session is one close-to-close step, so a payout already in the prices lands in its ex-date's session
                 added back, every book alike (as PRICES says): 2025-06-20 1.7611, 2025-09-19 1.8311, 2025-12-19 1.9934, 2026-03-20 1.797, 2026-06-18 1.90352 (from spy-distributions-2025-2026.csv, sha256 780a360f01fa86b4…)
INFORMATION      open auction of t sees bars through close[t-1]; close auction of t sees bars through close[t-1] plus open[t]; calendar = the SCHEDULED NYSE calendar (barqc), so an unscheduled closure is not known to the rule
WINDOW           from the close of 2005-03-24 to the close of 2026-08-25: 5387 sessions, 10774 legs, 257 cycles
                 halves split by session at 2015-12-07 (first half = 2694 sessions); crisis spans removed for G6: 2008-09-02..2009-06-30, 2020-02-18..2020-04-30
BAR (A)          constant exposure 1.333395 = the rule's mean declared exposure over its 10774 scored legs; reset at the 513 auctions where the rule trades; weighted by the calendar days of each overnight leg the mean exposure would be 1.338446
BASELINE         1x — placebos move departures from it
----------------------------------------------------------------------------------------------------------------
                                           rule        bar (A)  buy & hold 1x  1x long/flat*    const p 1x*    SSO switch*
total return (ROI on capital)           +257.2%        +279.4%        +264.0%         +93.0%        +107.8%        +206.5%
CAGR                                     +6.12%         +6.42%         +6.22%         +3.12%         +3.47%         +5.37%
volatility (annualised)                   26.8%          25.4%          19.1%          10.9%           6.4%               
Sharpe (excess of cash)                    0.30           0.31           0.33           0.20           0.33               
Sortino (excess of cash)                   0.44           0.45           0.48           0.29           0.49               
max drawdown (marks: close)              -70.1%         -60.9%         -47.0%         -38.5%         -16.4%         -71.1%
-15% STOP episodes                            4              5              7              2              1               
mean exposure                            1.3334         1.3334         1.0000         0.3334         0.3334               
trades (sides)                              514            514              1            514            514           1027
cost paid (x initial capital)            0.2321         0.0032         0.0002         0.1611         0.0011         0.5354
financing paid (x initial)               0.4838         0.4483         0.0000         0.0000         0.0000               
cash interest (x initial)                0.0000         0.0000         0.0000         0.3310         0.3148               
max drawdown dates (rule)       peak 2008-03-31 close → trough 2012-11-19 close → recovered 2024-12-31 close
* declared descriptive lines, never gates: the window alone at 1x (cash outside); a constant book at that line's mean exposure (reset where it trades); the cash-account switch into a modelled kx fund
ACCRUAL RESIDUAL CAGR(rule) − CAGR(A) is -0.300% with financing accrued by calendar, -0.284% by session: residual -0.016%
----------------------------------------------------------------------------------------------------------------
PER YEAR (rule, bar A, buy & hold; rule sides)
  2005  195 sess    +52.6%    +42.6%    +32.0%    19
  2006  251 sess    +21.6%     +9.5%     +9.0%    24
  2007  251 sess    +69.0%    +55.7%    +41.3%    24
  2008  253 sess    -32.0%    -32.4%    -24.2%    24
  2009  252 sess     -2.3%     +5.5%     +5.4%    24
  2010  252 sess     -2.7%     +7.8%     +7.2%    24
  2011  251 sess     -6.3%     -1.7%     -0.1%    24
  2012  250 sess    -23.5%    -22.5%    -16.2%    24
  2013  252 sess    +11.7%     +5.8%     +5.6%    24
  2014  252 sess     +2.8%     -0.4%     +1.0%    24
  2015  252 sess     -2.6%    -11.2%     -7.3%    24
  2016  252 sess    +16.7%    +26.1%    +20.4%    24
  2017  251 sess     +3.0%     -1.6%     -0.0%    24
  2018  251 sess    -11.1%     +0.7%     +2.0%    24
  2019  252 sess    +14.0%    +13.8%    +12.1%    24
  2020  253 sess     +9.0%    +17.0%    +14.1%    24
  2021  252 sess    +14.0%     +7.8%     +7.3%    24
  2022  251 sess    +11.2%     +2.1%     +3.2%    24
  2023  250 sess    +25.5%    +34.6%    +26.5%    24
  2024  252 sess    +21.5%    +30.4%    +23.4%    24
  2025  250 sess    -21.0%     -8.0%     -4.9%    24
  2026  162 sess     +8.5%     -3.7%     -2.0%    15
----------------------------------------------------------------------------------------------------------------
HALVES (split by session at 2015-12-07)
  first  2005-03-24 → 2015-12-07 (2694 sess)  CAGR rule +5.04% · bar A +3.04% · B&H +3.71%; Sharpe rule 0.26 · A 0.19 · B&H 0.21
  second 2015-12-07 → 2026-08-25 (2693 sess)  CAGR rule +7.22% · bar A +9.92% · B&H +8.78%; Sharpe rule 0.34 · A 0.44 · B&H 0.46
----------------------------------------------------------------------------------------------------------------
PLACEBO within_cycle_circular 10000 draws, seed 20261009, 10000 unique: p(CAGR) = 0.3767; rule CAGR +6.12% vs null median +5.49% [5% +2.25%, 95% +8.91%]; z 0.30; beats the median in each half: no
DEFLATED SHARPE  paired circular-block bootstrap vs constant: dSR -0.0133 (rule 0.3004 − 0.3136), SE 0.0723 (corr 0.943; block 10, 5000 resamples); N=40: z -2.373, DSR 0.0088; N=100: DSR 0.0033; dSR needed for DSR 0.5 / 0.8 at N=40: 0.158 / 0.219 — reported, never gated
TIMING BOOK log    rule − bar A per session (ln(1+R) − ln(1+R_A)): mean -0.283%/yr, tracking error 8.93%; z boot -0.148 (SE 0.2144), z analytic -0.146, z i.i.d. -0.146; used -0.148; deflated at N=40: 0.0097 (needs z ≥ 3.03 for 0.8), N=100: 0.0037 (z ≥ 3.37)
TIMING BOOK simple rule − bar A per session (R − R_A): mean +0.067%/yr, tracking error 8.94%; z boot +0.035 (SE 0.2141), z analytic +0.035, z i.i.d. +0.035; used +0.035; deflated at N=40: 0.0156 (needs z ≥ 3.03 for 0.8), N=100: 0.0063 (z ≥ 3.37)
----------------------------------------------------------------------------------------------------------------
G6 INPUTS        episodes 257 (129 / 128 by half; runs < 5 sessions apart merge); cycles 257 (129 / 128 by the half they start in)
   redteam_r1    top-5 positive episodes' share of the summed log excess over cash: 1.688 (sum +0.4736; r1 gate ≤ 0.50)
   flow_formula  per-cycle sum +0.11165; 5 largest positive cycles +0.36958; without them -0.25793 (gate ≥ 0: fail)
   book_simple   per-cycle sum +0.01429; 5 largest positive cycles +0.36561; without them -0.35132 (gate ≥ 0: fail)
   book_log      per-cycle sum -0.06042; 5 largest positive cycles +0.36224; without them -0.42266 (gate ≥ 0: fail)
   drop-crises   CAGR(rule) − the gating placebo's (within_cycle_circular) median, crisis spans removed from both: +0.789%
G7 INPUTS        (read on the replication file; veto forms: r1 'same sign' | r2 'z < −1')
   placebo_cagr  z +0.303, percentile 0.623; veto same-sign: no; veto z < −1: no
   timing_log    z -0.148 (i.i.d. -0.146); veto same-sign: YES; veto z < −1: no
   timing_simple z +0.035 (i.i.d. +0.035); veto same-sign: no; veto z < −1: no
----------------------------------------------------------------------------------------------------------------
STRESS GRID (every cell of the invocation; the first row is primary)
 cost   cash  spread  CAGR rule   bar A     B&H  rule−A rule−B&H MDD rule   MDD A   p G4    DSR DSR100  z log DSRlog  top5   log-5   crisis    accr
    2   1.50   1.50%     +6.12%  +6.42%  +6.22%  -0.30%   -0.09%   -70.1%  -60.9% 0.3767  0.009  0.003  -0.15  0.010  1.69  -0.423   +0.79% -0.016%
    2   1.50   4.00%     +5.26%  +5.57%  +6.22%  -0.31%   -0.95%   -71.2%  -62.5% 0.3793  0.009  0.003  -0.15  0.010  2.66  -0.426   +0.77% -0.028%
    2   0.00   1.50%     +6.65%  +6.94%  +6.22%  -0.29%   +0.43%   -69.4%  -59.9% 0.3756  0.008  0.003  -0.14  0.010  1.17  -0.421   +0.80% -0.008%
    2   0.00   4.00%     +5.78%  +6.08%  +6.22%  -0.30%   -0.44%   -70.5%  -61.6% 0.3778  0.008  0.003  -0.15  0.010  1.56  -0.424   +0.78% -0.021%
    2   3.00   1.50%     +5.60%  +5.91%  +6.22%  -0.31%   -0.61%   -70.7%  -61.9% 0.3784  0.010  0.004  -0.15  0.010  3.04  -0.425   +0.78% -0.023%
    2   3.00   4.00%     +4.76%  +5.08%  +6.22%  -0.32%   -1.46%   -71.8%  -64.2% 0.3807  0.011  0.004  -0.16  0.009  8.77  -0.428   +0.76% -0.036%
    5   1.50   1.50%     +5.36%  +6.41%  +6.22%  -1.05%   -0.86%   -71.1%  -60.9% 0.3518  0.003  0.001  -0.52  0.003  2.01  -0.572   +0.92% -0.016%
    5   1.50   4.00%     +4.51%  +5.56%  +6.22%  -1.06%   -1.71%   -72.1%  -62.5% 0.3533  0.003  0.001  -0.53  0.003  3.58  -0.575   +0.90% -0.028%
    5   0.00   1.50%     +5.89%  +6.93%  +6.22%  -1.05%   -0.33%   -70.4%  -59.9% 0.3502  0.003  0.001  -0.52  0.003  1.31  -0.570   +0.93% -0.008%
    5   0.00   4.00%     +5.02%  +6.07%  +6.22%  -1.05%   -1.20%   -71.5%  -61.6% 0.3524  0.003  0.001  -0.52  0.003  1.84  -0.573   +0.91% -0.021%
    5   3.00   1.50%     +4.84%  +5.90%  +6.22%  -1.05%   -1.37%   -71.7%  -61.9% 0.3525  0.004  0.001  -0.52  0.003  4.30  -0.574   +0.91% -0.023%
    5   3.00   4.00%     +4.01%  +5.07%  +6.22%  -1.06%   -2.21%   -72.7%  -64.2% 0.3549  0.004  0.001  -0.53  0.003 60.49  -0.577   +0.89% -0.035%
    1   1.50   1.50%     +6.38%  +6.43%  +6.22%  -0.05%   +0.16%   -69.7%  -60.9% 0.3855  0.012  0.005  -0.02  0.013  1.60  -0.373   +0.75% -0.016%
    1   1.50   4.00%     +5.52%  +5.58%  +6.22%  -0.06%   -0.70%   -70.8%  -62.5% 0.3869  0.013  0.005  -0.03  0.013  2.45  -0.376   +0.73% -0.028%
    1   0.00   1.50%     +6.91%  +6.95%  +6.22%  -0.04%   +0.69%   -69.0%  -59.9% 0.3842  0.011  0.004  -0.02  0.014  1.13  -0.371   +0.76% -0.008%
    1   0.00   4.00%     +6.03%  +6.08%  +6.22%  -0.05%   -0.19%   -70.2%  -61.6% 0.3861  0.011  0.004  -0.03  0.013  1.49  -0.374   +0.74% -0.021%
    1   3.00   1.50%     +5.86%  +5.91%  +6.22%  -0.06%   -0.36%   -70.4%  -61.9% 0.3865  0.014  0.006  -0.03  0.013  2.77  -0.375   +0.74% -0.023%
    1   3.00   4.00%     +5.01%  +5.08%  +6.22%  -0.07%   -1.20%   -71.5%  -64.2% 0.3878  0.014  0.006  -0.03  0.013  6.83  -0.378   +0.72% -0.036%
    2   0.00   7.75%     +4.51%  +4.83%  +6.22%  -0.32%   -1.70%   -72.1%  -65.0% 0.3812  0.009  0.003  -0.16  0.009  3.13  -0.429   +0.76% -0.039%
----------------------------------------------------------------------------------------------------------------
NOT MODELLED     slippage beyond the stated per-side cost; the auction price versus the bar's open/close (on Alpaca IEX files the open and close are IEX prints, not the primary-market auctions MOO/MOC orders receive); auction imbalance and partial fills; order cut-offs (MOC ~15:50 ET, 12:50 on half-days, which this calendar does not mark); taxes; borrow; dividends on files that are not total-return; settlement (T+1) and cash-account good-faith rules; the pattern-day-trader rule, which every same-session round trip (in at the open, out at the close) counts against; margin calls; whole-share rounding
RECORD           nothing is written to the ledger; a run that is a trial needs a row in trials.json citing its saved output
----------------------------------------------------------------------------------------------------------------
G7' REPLICATION (veto only) · QQQ · QQQ-1d-long.csv · from the close of 1999-03-25 to the close of 2005-02-22: 1485 sessions, 71 cycles; its own p̂ 0.3347
 cost   cash  spread  CAGR rule   bar A   z used  z boot z anal.  mean d/yr  veto z<-1  veto sign
    2   1.50   1.50%     -6.07%  +4.30%   -3.110  -3.110  -2.798    -10.51%        YES        YES
    2   1.50   4.00%     -6.83%  +3.47%   -3.109  -3.109  -2.800    -10.53%        YES        YES
    2   0.00   1.50%     -5.60%  +4.81%   -3.111  -3.111  -2.797    -10.50%        YES        YES
    2   0.00   4.00%     -6.38%  +3.96%   -3.110  -3.110  -2.799    -10.52%        YES        YES
    2   3.00   1.50%     -6.53%  +3.80%   -3.109  -3.109  -2.799    -10.52%        YES        YES
    2   3.00   4.00%     -7.28%  +2.98%   -3.107  -3.107  -2.800    -10.54%        YES        YES
    5   1.50   1.50%     -6.75%  +4.28%   -3.322  -3.322  -2.988    -11.23%        YES        YES
    5   1.50   4.00%     -7.51%  +3.45%   -3.319  -3.319  -2.990    -11.25%        YES        YES
    5   0.00   1.50%     -6.29%  +4.80%   -3.323  -3.323  -2.987    -11.22%        YES        YES
    5   0.00   4.00%     -7.06%  +3.95%   -3.321  -3.321  -2.989    -11.24%        YES        YES
    5   3.00   1.50%     -7.21%  +3.78%   -3.320  -3.320  -2.989    -11.24%        YES        YES
    5   3.00   4.00%     -7.96%  +2.96%   -3.318  -3.318  -2.990    -11.25%        YES        YES
    1   1.50   1.50%     -5.84%  +4.31%   -3.040  -3.040  -2.735    -10.27%        YES        YES
    1   1.50   4.00%     -6.60%  +3.47%   -3.038  -3.038  -2.736    -10.29%        YES        YES
    1   0.00   1.50%     -5.37%  +4.82%   -3.041  -3.041  -2.734    -10.26%        YES        YES
    1   0.00   4.00%     -6.15%  +3.97%   -3.039  -3.039  -2.735    -10.28%        YES        YES
    1   3.00   1.50%     -6.30%  +3.80%   -3.039  -3.039  -2.736    -10.28%        YES        YES
    1   3.00   4.00%     -7.05%  +2.99%   -3.037  -3.037  -2.737    -10.30%        YES        YES
    2   0.00   7.75%     -7.50%  +2.74%   -3.106  -3.106  -2.801    -10.54%        YES        YES
================================================================================================================
VERDICT          NULL   (reading rule of PREREG-2026-10-09-month-end.md, sha256 85dede81d000967b…)
   reason        timing not worth its drag and costs
   reason        unstable
   reason        riskier than (A)
   reason        below the selection-adjusted bar
   reason        concentrated
   reason        did not replicate
GATES            each read at the six gated (cash, spread) pairs at 2 bp a side (G1 also at 5 bp; G7' on the replication file); a gate passes only if it holds at every pair
   G1   FAIL   CAGR(S1) - CAGR(A): smallest -0.3167% at 2 bp (must be > 0) and -1.0584% at 5 bp (must be >= 0); fails at every pair
   G2   FAIL   CAGR(S1) - CAGR(A) in each half (split after session 2694, 2015-12-07): smallest -2.7029% (must be > 0); fails at every pair
   G3   FAIL   maxDD(S1) - (maxDD(A) - 0.05), signed drawdowns: smallest -0.0445 (must be >= 0); fails at every pair
   G4   FAIL   within_cycle_circular placebo: largest p 0.3807 (must be < 0.05); S1 above the placebo median CAGR in both halves at 0 of 6 pairs; fails at every pair
   G5'  FAIL   z_used = min(bootstrap z, analytic z) on d: smallest -0.1577; Phi(z - E[max Z_40]) smallest 0.0095 (must be >= 0.80, i.e. z >= 3.0311); at N = 100: smallest Phi 0.0036 (z >= 3.3722); fails at every pair
   G6   FAIL   cycles 257 (129 / 128 by entry close; need >= 100 and >= 40 each); sum of d without the 5 largest positive cycles: smallest -0.42791 (must be >= 0); drop-crisis CAGR(S1) - within_cycle_circular median: smallest +0.7609% (must be > 0); fails at every pair
   G7'  FAIL   QQQ: z_used on its own log timing book, smallest -3.1111 (veto if < -1 at any pair); fails at every pair
================================================================================================================
----------------------------------------------------------------------------------------------------------------
DESCRIPTIVE      DECLARED DESCRIPTIVE — cannot change or rescue the verdict, never a reason to trade
  span of entry closes 2005-03-01 → 2013-12-31: 106 windows, 2224 sessions; d mean +0.94%/yr, z i.i.d. +0.32, z boot +0.31
  span of entry closes 2014-01-01 → 2023-12-31: 120 windows, 2516 sessions; d mean -0.39%/yr, z i.i.d. -0.13, z boot -0.13
  span of entry closes 2024-01-01 → 2026-07-31: 31 windows, 647 sessions; d mean -4.09%/yr, z i.i.d. -0.75, z boot -0.79
  overlap with rsi_dip:14,30,5: holds on 150 of the rule's 1796 departing sessions (8.4%); d's mean on the other 1646: -1.22 bp/session
  scheduled FOMC statement: 160 windows inside the dated coverage 2005-01-01..2016-12-31, 2025-01-01..2026-12-31; 46 contain one (28.7%); mean cycle excess (sum of d) with +44.7 bp, without -12.3 bp
----------------------------------------------------------------------------------------------------------------
OFFSET PROFILE · SPY · DESCRIPTIVE — declared in advance; cannot confirm or refute
mean close-to-close return by session offset from T (the month's last scheduled session), bp, by group (breaks 2017-09-05, 2024-05-28); skipped {'gap legs': 5, 'excluded dates': 5}
 offset                 group 3                 group 2                 group 1
    T-8    +10.0 ±  9.1 (n 149)      -6.8 ± 13.4 (n 80)     -17.1 ± 21.5 (n 28)
    T-7     -8.5 ± 10.6 (n 149)      +5.0 ± 13.0 (n 80)     +19.1 ± 23.0 (n 24)
    T-6     -6.8 ±  9.6 (n 148)     +29.6 ± 11.2 (n 80)     +32.2 ± 20.9 (n 27)
    T-5     +1.9 ± 10.1 (n 148)     -12.6 ± 14.5 (n 80)     -10.1 ± 23.1 (n 28)
    T-4    +10.4 ± 10.4 (n 149)      -0.1 ± 14.3 (n 80)      +7.7 ± 25.0 (n 28)
    T-3    +11.5 ±  9.6 (n 150)      -2.7 ± 11.9 (n 80)     -30.1 ± 20.8 (n 27)
    T-2     +8.5 ±  9.6 (n 149)     +13.2 ± 14.2 (n 80)     -25.9 ± 19.5 (n 27)
    T-1    +17.7 ±  9.4 (n 149)      +4.2 ± 15.2 (n 80)     +16.1 ± 23.0 (n 27)
      T     +3.1 ±  9.8 (n 149)      +5.7 ± 12.8 (n 80)      +9.9 ± 25.1 (n 27)
    T+1     +8.6 ±  9.6 (n 149)      -6.8 ± 12.5 (n 80)     -30.2 ± 20.5 (n 27)
    T+2    -12.7 ±  9.9 (n 149)      -9.2 ± 12.2 (n 80)     +23.9 ± 15.6 (n 27)
    T+3     +5.7 ± 10.5 (n 150)      +4.3 ± 13.9 (n 79)     +25.1 ± 26.5 (n 27)
declared contrast: mean r(T-3 | 2,1) − mean r(T-3 | 3) = -21.1 bp ± 14.1 (n 107 vs 150) — descriptive; it cannot confirm or refute
